  Determining projects to restore...
  All projects are up-to-date for restore.
  LocationManagement.ServiceDefaults -> D:\Software\ReconVCS\src\ServiceDefaults\bin\Debug\net10.0\LocationManagement.ServiceDefaults.dll
  LocationManagement.Api -> D:\Software\ReconVCS\src\Api\bin\Debug\net10.0\LocationManagement.Api.dll
  LocationManagement.Api.Tests -> D:\Software\ReconVCS\src\Api.Tests\bin\Debug\net10.0\LocationManagement.Api.Tests.dll
Test run for D:\Software\ReconVCS\src\Api.Tests\bin\Debug\net10.0\LocationManagement.Api.Tests.dll (.NETCoreApp,Version=v10.0)
A total of 1 test files matched the specified pattern.
D:\Software\ReconVCS\src\Api.Tests\bin\Debug\net10.0\LocationManagement.Api.Tests.dll
[xUnit.net 00:00:00.00] xUnit.net VSTest Adapter v3.1.4+50e68bbb8b (64-bit .NET 10.0.7)
[xUnit.net 00:00:00.07]   Discovering: LocationManagement.Api.Tests
[xUnit.net 00:00:00.11]   Discovered:  LocationManagement.Api.Tests
[xUnit.net 00:00:00.13]   Starting:    LocationManagement.Api.Tests
  Passed LocationManagement.Api.Tests.UnitTest1.Test1 [3 ms]
  Passed LocationManagement.Api.Tests.SampleTests.ServiceMethod_WithMockedDependency_CallsDependency [57 ms]
  Passed LocationManagement.Api.Tests.SampleTests.Theory_WithMultipleInputs_VerifiesEach(input: 3) [< 1 ms]
  Passed LocationManagement.Api.Tests.SampleTests.Theory_WithMultipleInputs_VerifiesEach(input: 2) [< 1 ms]
  Passed LocationManagement.Api.Tests.SampleTests.Theory_WithMultipleInputs_VerifiesEach(input: 1) [< 1 ms]
  Passed LocationManagement.Api.Tests.SampleTests.Example_WhenCondition_ReturnsExpected [< 1 ms]
  Passed LocationManagement.Api.Tests.LocationsControllerTests.CreateLocation_WithoutAuthentication_Returns401 [68 ms]
  Passed LocationManagement.Api.Tests.NotificationServiceTests.NotifyPendingEditSubmittedAsync_CreatesNotification [74 ms]
  Passed LocationManagement.Api.Tests.LocationsControllerTests.CreateLocation_WithValidationError_Returns400 [9 ms]
  Passed LocationManagement.Api.Tests.NotificationServiceTests.NotifyMembershipApprovedAsync_CreatesNotification [3 ms]
  Passed LocationManagement.Api.Tests.NotificationServiceTests.NotifyMembershipRejectedAsync_CreatesNotification [3 ms]
  Passed LocationManagement.Api.Tests.LocationsControllerTests.DeleteLocation_AsCreator_Returns204 [5 ms]
  Passed LocationManagement.Api.Tests.NotificationServiceTests.NotifyEditRejectedAsync_CreatesNotification [8 ms]
  Passed LocationManagement.Api.Tests.LocationsControllerTests.ListLocations_WithInvalidPageSize_Returns400 [7 ms]
  Passed LocationManagement.Api.Tests.LocationsControllerTests.UpdateLocation_WithoutAuthentication_Returns401 [1 ms]
  Passed LocationManagement.Api.Tests.LocationsControllerTests.ListLocations_WithInvalidPage_Returns400 [< 1 ms]
  Passed LocationManagement.Api.Tests.NotificationServiceTests.NotifyEditApprovedAsync_CreatesNotification [3 ms]
  Passed LocationManagement.Api.Tests.LocationsControllerTests.RejectPendingEdit_AsNonCreator_Returns403 [2 ms]
  Passed LocationManagement.Api.Tests.LocationsControllerTests.RejectPendingEdit_AsCreator_Returns204 [1 ms]
  Passed LocationManagement.Api.Tests.LocationsControllerTests.DeleteLocation_AsNonCreator_Returns403 [2 ms]
  Passed LocationManagement.Api.Tests.LocationsControllerTests.GetPendingEdits_AsNonCreator_Returns403 [2 ms]
  Passed LocationManagement.Api.Tests.LocationsControllerTests.SubmitPendingEdit_WithoutAuthentication_Returns401 [1 ms]
  Passed LocationManagement.Api.Tests.LocationsControllerTests.ListLocations_WithValidPagination_Returns200WithLocations [5 ms]
  Passed LocationManagement.Api.Tests.ImagesControllerTests.Upload_WithValidJpegFile_ReturnsCreatedAtActionWithImageUploadResponse [112 ms]
  Passed LocationManagement.Api.Tests.LocationsControllerTests.UpdateLocation_AsNonCreator_Returns403 [2 ms]
  Passed LocationManagement.Api.Tests.ImagesControllerTests.Upload_WithUnsupportedMimeType_ReturnsUnsupportedMediaType [1 ms]
  Passed LocationManagement.Api.Tests.LocationsControllerTests.GetPendingEdits_AsCreator_Returns200 [2 ms]
  Passed LocationManagement.Api.Tests.ImagesControllerTests.GetVariant_WithNonExistentImage_ReturnsNotFound [3 ms]
  Passed LocationManagement.Api.Tests.LocationsControllerTests.ApprovePendingEdit_AsCreator_Returns200 [3 ms]
  Passed LocationManagement.Api.Tests.LocationsControllerTests.SubmitPendingEdit_AsNonCreator_Returns202Accepted [4 ms]
  Passed LocationManagement.Api.Tests.ImagesControllerTests.GetVariant_WithValidWidth_ReturnsFileResultWithCacheHeaders(width: 1000) [6 ms]
  Passed LocationManagement.Api.Tests.ImagesControllerTests.GetVariant_WithValidWidth_ReturnsFileResultWithCacheHeaders(width: 400) [1 ms]
  Passed LocationManagement.Api.Tests.ImagesControllerTests.GetVariant_WithValidWidth_ReturnsFileResultWithCacheHeaders(width: 700) [< 1 ms]
  Passed LocationManagement.Api.Tests.ImagesControllerTests.Upload_WithFileSizeExceeding10MB_ReturnsPayloadTooLarge [< 1 ms]
  Passed LocationManagement.Api.Tests.LocationsControllerTests.UpdateLocation_AsCreator_Returns200 [3 ms]
  Passed LocationManagement.Api.Tests.LocationsControllerTests.DeleteLocation_WithoutAuthentication_Returns401 [< 1 ms]
  Passed LocationManagement.Api.Tests.ImagesControllerTests.Upload_WithValidPngFile_ReturnsCreatedAtAction [1 ms]
  Passed LocationManagement.Api.Tests.ImagesControllerTests.Upload_WithNullFile_ReturnsBadRequest [< 1 ms]
  Passed LocationManagement.Api.Tests.ImagesControllerTests.GetVariant_WithInvalidWidth_ReturnsBadRequest [< 1 ms]
  Passed LocationManagement.Api.Tests.LocationsControllerTests.CreateLocation_WithValidInput_Returns201Created [3 ms]
  Passed LocationManagement.Api.Tests.ImagesControllerTests.GetThumbnail_WithNonExistentImage_ReturnsNotFound [1 ms]
  Passed LocationManagement.Api.Tests.ImagesControllerTests.GetImage_WithNonExistentImage_ReturnsNotFound [2 ms]
  Passed LocationManagement.Api.Tests.ImagesControllerTests.Upload_WhenImageProcessingFails_ReturnsUnprocessableEntity [1 ms]
  Passed LocationManagement.Api.Tests.ImagesControllerTests.GetThumbnail_WithExistingImage_ReturnsFileResultWithCacheHeaders [2 ms]
dotnet : [xUnit.net 00:00:00.30]     
LocationManagement.Api.Tests.LocationsControllerTests.GetLocation_WithNonExistentId_Returns404 [FAIL]
At line:1 char:1
+ dotnet test src/Api.Tests/LocationManagement.Api.Tests.csproj --logge ...
+ ~~~~~~~~~~~~~~~~~~~~~~~~~~~~~~~~~~~~~~~~~~~~~~~~~~~~~~~~~~~~~~~~~~~~~
    + CategoryInfo          : NotSpecified: ([xUnit.net 00:0...turns404 [FAIL]:String) [], RemoteException
    + FullyQualifiedErrorId : NativeCommandError
 
[xUnit.net 00:00:00.30]       Assert.IsType() Failure: Value is not the exact type
[xUnit.net 00:00:00.30]       Expected: typeof(Microsoft.AspNetCore.Mvc.NotFoundObjectResult)
[xUnit.net 00:00:00.30]       Actual:   typeof(Microsoft.AspNetCore.Mvc.ObjectResult)
[xUnit.net 00:00:00.30]       Stack Trace:
[xUnit.net 00:00:00.30]         D:\Software\ReconVCS\src\Api.Tests\LocationsControllerTests.cs(220,0): at LocationManagement.Api.Tests.LocationsControllerTests.GetLocation_WithNonExistentId_Returns404()
[xUnit.net 00:00:00.30]         --- End of stack trace from previous location ---
[xUnit.net 00:00:00.30]     LocationManagement.Api.Tests.LocationsControllerTests.GetLocation_WithValidId_Returns200 
[FAIL]
[xUnit.net 00:00:00.30]       Assert.IsType() Failure: Value is not the exact type
[xUnit.net 00:00:00.30]       Expected: typeof(Microsoft.AspNetCore.Mvc.OkObjectResult)
[xUnit.net 00:00:00.30]       Actual:   typeof(Microsoft.AspNetCore.Mvc.ObjectResult)
[xUnit.net 00:00:00.30]       Stack Trace:
[xUnit.net 00:00:00.30]         D:\Software\ReconVCS\src\Api.Tests\LocationsControllerTests.cs(205,0): at LocationManagement.Api.Tests.LocationsControllerTests.GetLocation_WithValidId_Returns200()
[xUnit.net 00:00:00.30]         --- End of stack trace from previous location ---
  Passed LocationManagement.Api.Tests.ImagesControllerTests.GetImage_WithExistingImage_ReturnsFileResult [1 ms]
  Passed LocationManagement.Api.Tests.ImagesControllerTests.Upload_WithAltTextExceeding500Chars_ReturnsBadRequest [< 1 ms]
  Failed LocationManagement.Api.Tests.LocationsControllerTests.GetLocation_WithNonExistentId_Returns404 [4 ms]
  Error Message:
   Assert.IsType() Failure: Value is not the exact type
Expected: typeof(Microsoft.AspNetCore.Mvc.NotFoundObjectResult)
Actual:   typeof(Microsoft.AspNetCore.Mvc.ObjectResult)
  Stack Trace:
     at LocationManagement.Api.Tests.LocationsControllerTests.GetLocation_WithNonExistentId_Returns404() in D:\Software\ReconVCS\src\Api.Tests\LocationsControllerTests.cs:line 220
--- End of stack trace from previous location ---
  Failed LocationManagement.Api.Tests.LocationsControllerTests.GetLocation_WithValidId_Returns200 [1 ms]
  Error Message:
   Assert.IsType() Failure: Value is not the exact type
Expected: typeof(Microsoft.AspNetCore.Mvc.OkObjectResult)
Actual:   typeof(Microsoft.AspNetCore.Mvc.ObjectResult)
  Stack Trace:
     at LocationManagement.Api.Tests.LocationsControllerTests.GetLocation_WithValidId_Returns200() in D:\Software\ReconVCS\src\Api.Tests\LocationsControllerTests.cs:line 205
--- End of stack trace from previous location ---
  Passed LocationManagement.Api.Tests.LocationsControllerTests.ApprovePendingEdit_AsNonCreator_Returns403 [1 ms]
  Passed LocationManagement.Api.Tests.PropertyBasedTests.FilteredListIsShorter [120 ms]
  Standard Output Messages:
 Ok, passed 100 tests.
 


  Passed LocationManagement.Api.Tests.PropertyBasedTests.AdditionIsCommutative [22 ms]
  Standard Output Messages:
 Ok, passed 100 tests.
 


  Passed LocationManagement.Api.Tests.PropertyBasedTests.ImageAltTextRoundTrip [7 ms]
  Standard Output Messages:
 Ok, passed 100 tests.
 


  Passed LocationManagement.Api.Tests.PropertyBasedTests.ParseFormatRoundTrip [3 ms]
  Standard Output Messages:
 Ok, passed 100 tests.
 


  Passed LocationManagement.Api.Tests.PropertyBasedTests.ConcatenateEmptyIsIdentity [1 ms]
  Standard Output Messages:
 Ok, passed 100 tests.
 


  Passed LocationManagement.Api.Tests.PropertyBasedTests.AddZeroIsIdentity [7 ms]
  Standard Output Messages:
 Ok, passed 100 tests.
 


  Passed LocationManagement.Api.Tests.PropertyBasedTests.SortedListIsAscending [2 ms]
  Standard Output Messages:
 Ok, passed 100 tests.
 


  Passed LocationManagement.Api.Tests.PropertyBasedTests.ReverseIsInvolution [2 ms]
  Standard Output Messages:
 Ok, passed 100 tests.
 


  Passed LocationManagement.Api.Tests.PropertyBasedTests.StringLengthIsNonNegative [1 ms]
  Standard Output Messages:
 Ok, passed 100 tests.
 


  Passed LocationManagement.Api.Tests.PropertyBasedTests.ContentSequenceRoundTrip [7 ms]
  Standard Output Messages:
 Ok, passed 100 tests.
 


  Passed LocationManagement.Api.Tests.AuthServiceTests.RegisterAsync_SecondUser_AssignedStandardRole [1 s]
  Passed LocationManagement.Api.Tests.AuthServiceTests.ResetPasswordAsync_WithInvalidToken_ThrowsInvalidOperationException [40 ms]
  Passed LocationManagement.Api.Tests.MigrationIntegrationTests.ForeignKeyRelationships_WhenEnforced_CascadeDeletesWorkCorrectly [270 ms]
  Passed LocationManagement.Api.Tests.AuthServiceTests.RegisterAsync_FirstUser_AssignedAdminRole [263 ms]
  Passed LocationManagement.Api.Tests.AuthServiceTests.ForgotPasswordAsync_WithUnknownEmail_ReturnsSameMessage [7 ms]
  Passed LocationManagement.Api.Tests.AuthServiceTests.LoginAsync_WithEmptyUsername_ThrowsInvalidOperationException [2 ms]
  Passed LocationManagement.Api.Tests.AuthServiceTests.LoginAsync_WithNonexistentUser_ThrowsInvalidOperationException [5 ms]
  Passed LocationManagement.Api.Tests.AuthServiceTests.RegisterAsync_EmptyUsername_ThrowsArgumentException [< 1 ms]
  Passed LocationManagement.Api.Tests.MigrationIntegrationTests.MigrationsApplyCleanly_WhenDatabaseIsInitialized_SucceedsWithoutErrors [91 ms]
  Passed LocationManagement.Api.Tests.AuthServiceTests.RegisterAsync_WithValidInput_CreatesUserAndReturnsJwt [229 ms]
  Passed LocationManagement.Api.Tests.AuthServiceTests.RegisterAsync_PasswordTooShort_ThrowsArgumentException [1 ms]
  Passed LocationManagement.Api.Tests.AuthServiceTests.RegisterAsync_DuplicateUsername_ThrowsInvalidOperationException [221 ms]
  Passed LocationManagement.Api.Tests.MigrationIntegrationTests.SpatialQueries_WhenExecuted_ReturnCorrectLocationsByCoordinates [19 ms]
  Passed LocationManagement.Api.Tests.AuthServiceTests.ForgotPasswordAsync_WithValidEmail_SendsResetEmail [243 ms]
  Passed LocationManagement.Api.Tests.AuthServiceTests.LoginAsync_RecordsAuditEventOnFailure [1 ms]
  Passed LocationManagement.Api.Tests.MigrationIntegrationTests.SpatialIndexes_WhenCreated_ExistOnGeographyColumns [12 ms]
  Passed LocationManagement.Api.Tests.MigrationIntegrationTests.UniqueIndexes_WhenCreated_ExistOnUsersTable [12 ms]
  Passed LocationManagement.Api.Tests.MigrationIntegrationTests.SpatialQueries_WhenExecutedOnNamedShapes_ReturnCorrectGeometries [60 ms]
  Passed LocationManagement.Api.Tests.AuthServiceTests.ResetPasswordAsync_WithValidToken_UpdatesPassword [668 ms]
  Passed LocationManagement.Api.Tests.MigrationIntegrationTests.ContentSequenceJsonColumn_WhenStored_CanBeRetrievedCorrectly [8 ms]
  Passed LocationManagement.Api.Tests.MigrationIntegrationTests.AllTablesAreCreated_WhenMigrationsApply_TablesExistWithCorrectColumns [43 ms]
  Passed LocationManagement.Api.Tests.MigrationIntegrationTests.LocationsTableSchema_WhenCreated_HasCorrectColumnsAndTypes [75 ms]
  Passed LocationManagement.Api.Tests.AuthServiceTests.ChangePasswordAsync_WithValidCurrentPassword_UpdatesPassword [887 ms]
  Passed LocationManagement.Api.Tests.AuthServiceTests.ResetPasswordAsync_WithWeakPassword_ThrowsArgumentException [221 ms]
  Passed LocationManagement.Api.Tests.AuthServiceTests.ChangePasswordAsync_WithIncorrectCurrentPassword_ThrowsInvalidOperationException [441 ms]
  Passed LocationManagement.Api.Tests.AuthServiceTests.RegisterAsync_DuplicateDisplayName_ThrowsInvalidOperationException [227 ms]
  Passed LocationManagement.Api.Tests.AuthServiceTests.RegisterAsync_DuplicateEmail_ThrowsInvalidOperationException [230 ms]
  Passed LocationManagement.Api.Tests.AuthServiceTests.RegisterAsync_EmptyDisplayName_ThrowsArgumentException [< 1 ms]
  Passed LocationManagement.Api.Tests.AuthServiceTests.LoginAsync_WithEmptyPassword_ThrowsInvalidOperationException [< 1 ms]
  Passed LocationManagement.Api.Tests.AuthServiceTests.RegisterAsync_PasswordNoDigit_ThrowsArgumentException [< 1 ms]
  Passed LocationManagement.Api.Tests.AuthServiceTests.RegisterAsync_PasswordNoLowercase_ThrowsArgumentException [< 1 ms]
  Passed LocationManagement.Api.Tests.AuthServiceTests.LoginAsync_WithInvalidPassword_ThrowsInvalidOperationException [445 ms]
  Passed LocationManagement.Api.Tests.AuthServiceTests.RegisterAsync_InvalidEmail_ThrowsArgumentException [1 ms]
[xUnit.net 00:00:06.25]   Finished:    LocationManagement.Api.Tests
  Passed LocationManagement.Api.Tests.AuthServiceTests.LoginAsync_WithValidCredentials_ReturnsUserIdDisplayNameAndJwt [430 ms]
  Passed LocationManagement.Api.Tests.AuthServiceTests.RegisterAsync_PasswordNoUppercase_ThrowsArgumentException [< 1 ms]
  Passed LocationManagement.Api.Tests.AuthServiceTests.ChangePasswordAsync_WithWeakNewPassword_ThrowsArgumentException [218 ms]

Test Run Failed.
Total tests: 95
     Passed: 93
     Failed: 2
 Total time: 6.6441 Seconds
